
> ai-toolbox@0.1.0 build
> next build

   ▲ Next.js 16.0.0 (Turbopack)
   - Environments: .env.local
   - Experiments (use with caution):
     · serverActions

   Creating an optimized production build ...
Turbopack build encountered 1 warnings:
./src/app/api/stripe/webhook/route.ts:68:14
Next.js can't recognize the exported `config` field in route. Page config in `config` is deprecated and ignored, use individual exports instead.
[0m [90m 66 |[39m
 [90m 67 |[39m [90m// Disable body parsing, need raw body for signature verification[39m
[31m[1m>[22m[39m[90m 68 |[39m [36mexport[39m [36mconst[39m config [33m=[39m {
 [90m    |[39m              [31m[1m^[22m[39m[31m[1m^[22m[39m[31m[1m^[22m[39m[31m[1m^[22m[39m[31m[1m^[22m[39m[31m[1m^[22m[39m
 [90m 69 |[39m   api[33m:[39m {
 [90m 70 |[39m     bodyParser[33m:[39m [36mfalse[39m[33m,[39m
 [90m 71 |[39m   }[33m,[39m[0m

The exported configuration object in a source file needs to have a very specific format from which some properties can be statically parsed at compiled-time.

Import trace:
  App Route:
    ./src/app/api/stripe/webhook/route.ts
    ./node_modules/convex/dist/esm/browser/simple_client-node.js
    ./node_modules/convex/dist/esm/browser/index-node.js
    ./src/app/api/stripe/cancel-subscription/route.ts

https://nextjs.org/docs/app/api-reference/file-conventions/route-segment-config


 ✓ Compiled successfully in 6.2s
   Running TypeScript ...
   Collecting page data ...
   Generating static pages (0/37) ...
   Generating static pages (9/37) 
   Generating static pages (18/37) 
   Generating static pages (27/37) 
 ✓ Generating static pages (37/37) in 490.2ms
   Finalizing page optimization ...

Route (app)
┌ ○ /
├ ○ /_not-found
├ ƒ /api/stripe/cancel-subscription
├ ƒ /api/stripe/create-checkout
├ ƒ /api/stripe/webhook
├ ○ /billing
├ ○ /dashboard
├ ○ /login
├ ○ /settings
├ ○ /settings/admin
├ ○ /signup
├ ○ /tools
├ ○ /tools/background-removal
├ ○ /tools/cadeautips
├ ○ /tools/chat
├ ○ /tools/chat/analytics
├ ○ /tools/copywriting
├ ○ /tools/familie-moment
├ ○ /tools/gedichten
├ ○ /tools/headshot
├ ○ /tools/image-generation
├ ○ /tools/linkedin
├ ○ /tools/linkedin-content
├ ○ /tools/lootjestrekken
├ ○ /tools/ocr
├ ○ /tools/rewriter
├ ○ /tools/schoentje-tekening
├ ○ /tools/seo-optimizer
├ ○ /tools/sinterklaas-brief
├ ○ /tools/sinterklaas-voicemail
├ ○ /tools/summarizer
├ ○ /tools/surprises
├ ○ /tools/transcription
├ ○ /tools/translation
├ ○ /tools/wardrobe
└ ○ /usage


○  (Static)   prerendered as static content
ƒ  (Dynamic)  server-rendered on demand

